#-----------------------------------------------------------
# Vivado v2019.1 (64-bit)
# SW Build 2552052 on Fri May 24 14:47:09 MDT 2019
# IP Build 2548770 on Fri May 24 18:01:18 MDT 2019
# Start of session at: Mon Feb 14 17:17:21 2022
# Process ID: 120950
# Current directory: /home/dsoukup/Vivado-Projects/canny-zybo-z7/Zybo-Z7-20-pcam-5c-2019.1/vivado_proj/Zybo-Z7-20-pcam-5c.runs/system_rgb2grayscale_0_0_synth_1
# Command line: vivado -log system_rgb2grayscale_0_0.vds -product Vivado -mode batch -messageDb vivado.pb -notrace -source system_rgb2grayscale_0_0.tcl
# Log file: /home/dsoukup/Vivado-Projects/canny-zybo-z7/Zybo-Z7-20-pcam-5c-2019.1/vivado_proj/Zybo-Z7-20-pcam-5c.runs/system_rgb2grayscale_0_0_synth_1/system_rgb2grayscale_0_0.vds
# Journal file: /home/dsoukup/Vivado-Projects/canny-zybo-z7/Zybo-Z7-20-pcam-5c-2019.1/vivado_proj/Zybo-Z7-20-pcam-5c.runs/system_rgb2grayscale_0_0_synth_1/vivado.jou
#-----------------------------------------------------------
source system_rgb2grayscale_0_0.tcl -notrace
