#-----------------------------------------------------------
# Vivado v2019.1 (64-bit)
# SW Build 2552052 on Fri May 24 14:47:09 MDT 2019
# IP Build 2548770 on Fri May 24 18:01:18 MDT 2019
# Start of session at: Mon Feb 14 15:37:53 2022
# Process ID: 76254
# Current directory: /home/dsoukup/Vivado-Projects/canny-zybo-z7
# Command line: vivado
# Log file: /home/dsoukup/Vivado-Projects/canny-zybo-z7/vivado.log
# Journal file: /home/dsoukup/Vivado-Projects/canny-zybo-z7/vivado.jou
#-----------------------------------------------------------
start_gui
open_project /home/dsoukup/Vivado-Projects/canny-zybo-z7/Zybo-Z7-20-pcam-5c-2019.1/vivado_proj/Zybo-Z7-20-pcam-5c.xpr
update_compile_order -fileset sources_1
open_bd_design {/home/dsoukup/Vivado-Projects/canny-zybo-z7/Zybo-Z7-20-pcam-5c-2019.1/vivado_proj/Zybo-Z7-20-pcam-5c.srcs/sources_1/bd/system/system.bd}
create_bd_cell -type module -reference rgb2grayscale rgb2grayscale_0
set_property location {10 3445 1030} [get_bd_cells rgb2grayscale_0]
delete_bd_objs [get_bd_intf_nets v_axi4s_vid_out_0_vid_io_out]
connect_bd_net [get_bd_pins v_axi4s_vid_out_0/vid_active_video] [get_bd_pins rgb2grayscale_0/data]
connect_bd_net [get_bd_pins rgb2grayscale_0/data_out] [get_bd_pins rgb2dvi_0/vid_pData]
connect_bd_net [get_bd_pins rgb2dvi_0/vid_pHSync] [get_bd_pins v_axi4s_vid_out_0/vid_hsync]
connect_bd_net [get_bd_pins v_axi4s_vid_out_0/vid_vsync] [get_bd_pins rgb2dvi_0/vid_pVSync]
connect_bd_net [get_bd_pins rgb2dvi_0/vid_pVDE] [get_bd_pins v_axi4s_vid_out_0/vid_active_video]
delete_bd_objs [get_bd_nets v_axi4s_vid_out_0_vid_active_video]
connect_bd_net [get_bd_pins rgb2grayscale_0/data] [get_bd_pins v_axi4s_vid_out_0/vid_data]
connect_bd_net [get_bd_pins v_axi4s_vid_out_0/vid_active_video] [get_bd_pins rgb2dvi_0/vid_pVDE]
save_bd_design
reset_run synth_1
launch_runs impl_1 -to_step write_bitstream -jobs 4
wait_on_run impl_1
open_run impl_1
close_design
open_run synth_1 -name synth_1
launch_simulation
source tb_grayscale.tcl
close_design
open_run impl_1
open_bd_design {/home/dsoukup/Vivado-Projects/canny-zybo-z7/Zybo-Z7-20-pcam-5c-2019.1/vivado_proj/Zybo-Z7-20-pcam-5c.srcs/sources_1/bd/system/system.bd}
update_module_reference system_rgb2grayscale_0_0
reset_run synth_1
launch_runs impl_1 -jobs 4
save_bd_design
launch_runs synth_1 -jobs 4
close_sim
