#-----------------------------------------------------------
# Vivado v2019.1 (64-bit)
# SW Build 2552052 on Fri May 24 14:47:09 MDT 2019
# IP Build 2548770 on Fri May 24 18:01:18 MDT 2019
# Start of session at: Fri Feb 11 14:36:27 2022
# Process ID: 34651
# Current directory: /home/wallento/pcam-test/Zybo-Z7-20-pcam-5c-2019.1
# Command line: vivado
# Log file: /home/wallento/pcam-test/Zybo-Z7-20-pcam-5c-2019.1/vivado.log
# Journal file: /home/wallento/pcam-test/Zybo-Z7-20-pcam-5c-2019.1/vivado.jou
#-----------------------------------------------------------
start_gui
open_project /home/wallento/pcam-test/Zybo-Z7-20-pcam-5c-2019.1/vivado_proj/Zybo-Z7-20-pcam-5c.xpr
launch_sdk -workspace /home/wallento/pcam-test/Zybo-Z7-20-pcam-5c-2019.1/vivado_proj/Zybo-Z7-20-pcam-5c.sdk -hwspec /home/wallento/pcam-test/Zybo-Z7-20-pcam-5c-2019.1/vivado_proj/Zybo-Z7-20-pcam-5c.sdk/system_wrapper.hdf
update_compile_order -fileset sources_1
launch_sdk -workspace /home/wallento/pcam-test/Zybo-Z7-20-pcam-5c-2019.1/vivado_proj/Zybo-Z7-20-pcam-5c.sdk -hwspec /home/wallento/pcam-test/Zybo-Z7-20-pcam-5c-2019.1/vivado_proj/Zybo-Z7-20-pcam-5c.sdk/system_wrapper.hdf
close_project
open_project /home/wallento/dev/zybo-2019.1/Zybo-Z7-20-pcam-5c-2019.1/vivado_proj/Zybo-Z7-20-pcam-5c.xpr
launch_sdk -workspace /home/wallento/dev/zybo-2019.1/Zybo-Z7-20-pcam-5c-2019.1/vivado_proj/Zybo-Z7-20-pcam-5c.sdk -hwspec /home/wallento/dev/zybo-2019.1/Zybo-Z7-20-pcam-5c-2019.1/vivado_proj/Zybo-Z7-20-pcam-5c.sdk/system_wrapper.hdf
update_compile_order -fileset sources_1
file copy -force /home/wallento/dev/zybo-2019.1/Zybo-Z7-20-pcam-5c-2019.1/vivado_proj/Zybo-Z7-20-pcam-5c.runs/impl_1/system_wrapper.sysdef /home/wallento/dev/zybo-2019.1/Zybo-Z7-20-pcam-5c-2019.1/vivado_proj/Zybo-Z7-20-pcam-5c.sdk/system_wrapper.hdf

launch_sdk -workspace /home/wallento/dev/zybo-2019.1/Zybo-Z7-20-pcam-5c-2019.1/vivado_proj/Zybo-Z7-20-pcam-5c.sdk -hwspec /home/wallento/dev/zybo-2019.1/Zybo-Z7-20-pcam-5c-2019.1/vivado_proj/Zybo-Z7-20-pcam-5c.sdk/system_wrapper.hdf
open_run impl_1
file copy -force /home/wallento/dev/zybo-2019.1/Zybo-Z7-20-pcam-5c-2019.1/vivado_proj/Zybo-Z7-20-pcam-5c.runs/impl_1/system_wrapper.sysdef /home/wallento/dev/zybo-2019.1/Zybo-Z7-20-pcam-5c-2019.1/vivado_proj/Zybo-Z7-20-pcam-5c.sdk/system_wrapper.hdf

launch_sdk -workspace /home/wallento/dev/zybo-2019.1/Zybo-Z7-20-pcam-5c-2019.1/vivado_proj/Zybo-Z7-20-pcam-5c.sdk -hwspec /home/wallento/dev/zybo-2019.1/Zybo-Z7-20-pcam-5c-2019.1/vivado_proj/Zybo-Z7-20-pcam-5c.sdk/system_wrapper.hdf
launch_sdk -workspace /home/wallento/dev/zybo-2019.1/Zybo-Z7-20-pcam-5c-2019.1/vivado_proj/Zybo-Z7-20-pcam-5c.sdk -hwspec /home/wallento/dev/zybo-2019.1/Zybo-Z7-20-pcam-5c-2019.1/vivado_proj/Zybo-Z7-20-pcam-5c.sdk/system_wrapper.hdf
